// Jest Snapshot v1, https://goo.gl/fbAQLP

exports[`Tooltip should renders correctly 1`] = `
<div>
  <div
    class="root test-class"
    data-testid="tooltip"
    style="opacity: 0.2;"
  >
    <svg
      class="cross"
      data-testid="tooltip:cross"
      height="16"
      viewBox="0 0 16 16"
      width="16"
      xmlns="http://www.w3.org/2000/svg"
    >
      <path
        d="M12.707 4.707a1 1 0 0 0-1.414-1.414L8 6.586 4.707 3.293a1 1 0 0 0-1.414 1.414L6.586 8l-3.293 3.293a1 1 0 1 0 1.414 1.414L8 9.414l3.293 3.293a1 1 0 0 0 1.414-1.414L9.414 8l3.293-3.293Z"
      />
    </svg>
    <div
      class="content"
    >
      Hello, world!
    </div>
  </div>
</div>
`;
