// Jest Snapshot v1, https://goo.gl/fbAQLP

exports[`Range should works without props 1`] = `
<div>
  <div
    class="range-wrapper-base range-wrapper-styled"
  >
    <div
      class="track-base available-base available-styled"
    />
    <div
      class="track-base selected-base selected-styled"
      style="left: 0%; width: 100%;"
    />
    <div
      class="range-container-base range-container-styled"
    >
      <button
        aria-label="Начальное значение диапазона"
        class="thumb-base thumb-styled"
        data-testid="range:thumb-start"
        style="left: 0%;"
        type="button"
      />
      <button
        aria-label="Конечное значение диапазона"
        class="thumb-base thumb-styled"
        data-testid="range:thumb-end"
        style="left: 100%;"
        type="button"
      />
    </div>
  </div>
</div>
`;
