// Jest Snapshot v1, https://goo.gl/fbAQLP

exports[`StrokedSVG should handle extra props 1`] = `
<div>
  <div
    class="root root-element"
  >
    <svg
      class="stroke"
      height="24"
      stroke="#0f0"
      stroke-width="4px"
      viewBox="0 0 24 24"
      width="24"
      xmlns="http://www.w3.org/2000/svg"
    >
      <path
        d="M19.657 4.01C17.018 2.174 13.76 3.031 12 5.132c-1.759-2.1-5.018-2.968-7.657-1.122-1.4.98-2.279 2.632-2.339 4.376-.14 3.958 3.299 7.13 8.547 11.996l.1.091c.76.704 1.93.704 2.689-.01l.11-.102c5.248-4.855 8.676-8.027 8.546-11.985-.06-1.734-.94-3.386-2.339-4.366ZM12.1 18.862l-.1.102-.1-.102C7.142 14.466 4.003 11.559 4.003 8.61c0-2.04 1.5-3.57 3.499-3.57 1.22 0 2.415.634 3.122 1.593.333.451.817.814 1.378.814.564 0 1.05-.367 1.385-.821.702-.955 1.894-1.586 3.111-1.586 2 0 3.5 1.53 3.5 3.57 0 2.947-3.14 5.855-7.898 10.25Z"
      />
    </svg>
    <svg
      class="svg"
      fill="#f00"
      height="24"
      viewBox="0 0 24 24"
      width="24"
      xmlns="http://www.w3.org/2000/svg"
    >
      <path
        d="M19.657 4.01C17.018 2.174 13.76 3.031 12 5.132c-1.759-2.1-5.018-2.968-7.657-1.122-1.4.98-2.279 2.632-2.339 4.376-.14 3.958 3.299 7.13 8.547 11.996l.1.091c.76.704 1.93.704 2.689-.01l.11-.102c5.248-4.855 8.676-8.027 8.546-11.985-.06-1.734-.94-3.386-2.339-4.366ZM12.1 18.862l-.1.102-.1-.102C7.142 14.466 4.003 11.559 4.003 8.61c0-2.04 1.5-3.57 3.499-3.57 1.22 0 2.415.634 3.122 1.593.333.451.817.814 1.378.814.564 0 1.05-.367 1.385-.821.702-.955 1.894-1.586 3.111-1.586 2 0 3.5 1.53 3.5 3.57 0 2.947-3.14 5.855-7.898 10.25Z"
      />
    </svg>
  </div>
</div>
`;

exports[`StrokedSVG should renders correctly 1`] = `
<div>
  <div
    class="root"
  >
    <svg
      class="stroke"
      height="24"
      stroke="#f5f5f5"
      stroke-width="2px"
      viewBox="0 0 24 24"
      width="24"
      xmlns="http://www.w3.org/2000/svg"
    >
      <path
        d="M19.657 4.01C17.018 2.174 13.76 3.031 12 5.132c-1.759-2.1-5.018-2.968-7.657-1.122-1.4.98-2.279 2.632-2.339 4.376-.14 3.958 3.299 7.13 8.547 11.996l.1.091c.76.704 1.93.704 2.689-.01l.11-.102c5.248-4.855 8.676-8.027 8.546-11.985-.06-1.734-.94-3.386-2.339-4.366ZM12.1 18.862l-.1.102-.1-.102C7.142 14.466 4.003 11.559 4.003 8.61c0-2.04 1.5-3.57 3.499-3.57 1.22 0 2.415.634 3.122 1.593.333.451.817.814 1.378.814.564 0 1.05-.367 1.385-.821.702-.955 1.894-1.586 3.111-1.586 2 0 3.5 1.53 3.5 3.57 0 2.947-3.14 5.855-7.898 10.25Z"
      />
    </svg>
    <svg
      class="svg"
      height="24"
      viewBox="0 0 24 24"
      width="24"
      xmlns="http://www.w3.org/2000/svg"
    >
      <path
        d="M19.657 4.01C17.018 2.174 13.76 3.031 12 5.132c-1.759-2.1-5.018-2.968-7.657-1.122-1.4.98-2.279 2.632-2.339 4.376-.14 3.958 3.299 7.13 8.547 11.996l.1.091c.76.704 1.93.704 2.689-.01l.11-.102c5.248-4.855 8.676-8.027 8.546-11.985-.06-1.734-.94-3.386-2.339-4.366ZM12.1 18.862l-.1.102-.1-.102C7.142 14.466 4.003 11.559 4.003 8.61c0-2.04 1.5-3.57 3.499-3.57 1.22 0 2.415.634 3.122 1.593.333.451.817.814 1.378.814.564 0 1.05-.367 1.385-.821.702-.955 1.894-1.586 3.111-1.586 2 0 3.5 1.53 3.5 3.57 0 2.947-3.14 5.855-7.898 10.25Z"
      />
    </svg>
  </div>
</div>
`;
