// Jest Snapshot v1, https://goo.gl/fbAQLP

exports[`<Toggle /> should work without props 1`] = `
<div>
  <label
    class="root"
  >
    <input
      class="input"
      data-testid="toggle"
      type="checkbox"
    />
    <span
      class="switch"
    />
  </label>
</div>
`;
