// Jest Snapshot v1, https://goo.gl/fbAQLP

exports[`SuperEllipseClipPath should match snapshot 1`] = `
<div>
  <svg
    height="0"
    style="position: absolute;"
    width="0"
  >
    <defs>
      <clippath
        clipPathUnits="objectBoundingBox"
        id="test"
      >
        <path
          d="M1 0.5 C 1 0.856, 0.856 1, 0.5 1 S 0 0.856, 0 0.5 S 0.143 0, 0.5 0 S 1 0.143 1 0.5 Z"
        />
      </clippath>
    </defs>
  </svg>
</div>
`;
