// Jest Snapshot v1, https://goo.gl/fbAQLP

exports[`Tabs should renders correctly 1`] = `
<div>
  <ul
    class="root view-clean gap-m"
    data-testid="tabs"
  >
    <li
      class="item"
      data-testid="tab"
    >
      One
    </li>
    <li
      class="item disabled"
      data-testid="tab"
    >
      Two
    </li>
    <li
      class="item selected"
      data-testid="tab"
    >
      Three
    </li>
    <li
      class="item"
      data-testid="tab"
    >
      Four
    </li>
  </ul>
</div>
`;
